##########################
# testjava.log
############################

Check lib files... 
-rwxr-xr-x 1 andrew andrew   32310 Feb 19 14:54 /home/andrew/jaguar/lib/jaguarphp.so
-rwxr-xr-x 1 andrew andrew  942039 Feb 19 14:54 /home/andrew/jaguar/lib/jaguarpy2.so
-rwxr-xr-x 1 andrew andrew  925195 Feb 19 14:54 /home/andrew/jaguar/lib/jaguarpy3.so
-rwxr-xr-x 1 andrew andrew  942039 Feb 19 14:54 /home/andrew/jaguar/lib/jaguarpy.so
-rwxr-xr-x 1 andrew andrew 1552725 Feb 19 14:54 /home/andrew/jaguar/lib/jaguarrb.so
-rwxr-xr-x 1 andrew andrew 3860979 Feb 19 14:54 /home/andrew/jaguar/lib/libJaguarClient.so
-rwxr-xr-x 1 andrew andrew   30059 Feb 19 14:54 /home/andrew/jaguar/lib/libjaguargo.so

Connect to jaguar at port 1117 ...

Java test ...
jar file is at: /home/andrew/jaguar/lib/jaguar-jdbc-2.0.jar

# Command Line: javac -cp .:/home/andrew/jaguar/lib/jaguar-jdbc-2.0.jar example.java
Picked up _JAVA_OPTIONS: -Djava.net.preferIPv4Stack=true

 Command Line: java -cp .:/home/andrew/jaguar/lib/jaguar-jdbc-2.0.jar example 192.168.7.120 1117

# Command Line: javac -cp .:/home/andrew/jaguar/lib/jaguar-jdbc-2.0.jar JaguarJDBCTest.java 
Picked up _JAVA_OPTIONS: -Djava.net.preferIPv4Stack=true

# Command Line: java  -cp .:/home/andrew/jaguar/lib/jaguar-jdbc-2.0.jar JaguarJDBCTest 192.168.7.120 1117
2,3c2,3
< uid=k1k1
< col1=k1k1
---
> uid=0h0o3ZMaG8NRh64i
> col1=0h0o3ZMaG8NRh64i
5c5
< col2=v1v1
---
> col2=pxNCHplYlUPyC3iAjiYkfLsWRfN7jQpI
12,13c12,13
< 	"addr" : "v1v1",
< 	"uid" : "k1k1"
---
> 	"addr" : "pxNCHplYlUPyC3iAjiYkfLsWRfN7jQpI",
> 	"uid" : "0h0o3ZMaG8NRh64i"
15,18c15,16
< uid=n11
< line\'2
< col1=n11
< line\'2
---
> uid=0vl1u35qIoGLpWEr
> col1=0vl1u35qIoGLpWEr
20,21c18
< col2=v11
< val"ue
---
> col2=AI6HtsI9VwMTlb1lFkk9oqx6MdSb8uAG
28,29c25,26
< 	"addr" : "v11\nval\"ue",
< 	"uid" : "n11\nline\\'2"
---
> 	"addr" : "AI6HtsI9VwMTlb1lFkk9oqx6MdSb8uAG",
> 	"uid" : "0vl1u35qIoGLpWEr"
31,32c28,29
< uid=刘东
< col1=刘东
---
> uid=1mYxqgQuG4GSL0kr
> col1=1mYxqgQuG4GSL0kr
34c31
< col2=田贝路12号，深圳
---
> col2=XgBaHZ8KnXptt80vuW0UbRpPT3HE315Y
41,42c38,39
< 	"addr" : "田贝路12号，深圳",
< 	"uid" : "刘东"
---
> 	"addr" : "XgBaHZ8KnXptt80vuW0UbRpPT3HE315Y",
> 	"uid" : "1mYxqgQuG4GSL0kr"
44,45c41,42
< uid=刘凯乐
< col1=刘凯乐
---
> uid=1tmQKv19VTD7Y8IR
> col1=1tmQKv19VTD7Y8IR
47c44
< col2=民治路18号，深圳
---
> col2=eA5ihCWsECqekrXlTh9DN8KGZnNYwtPI
54,55c51,52
< 	"addr" : "民治路18号，深圳",
< 	"uid" : "刘凯乐"
---
> 	"addr" : "eA5ihCWsECqekrXlTh9DN8KGZnNYwtPI",
> 	"uid" : "1tmQKv19VTD7Y8IR"
57,58c54,55
< uid=刘宇鹏
< col1=刘宇鹏
---
> uid=2CKwnjWzSNDNBfBg
> col1=2CKwnjWzSNDNBfBg
60c57
< col2=北四环路200号，北京
---
> col2=9dzwrEHxVB8RAoRBYz7mQ1VINwtoL4CS
67,68c64,65
< 	"addr" : "北四环路200号，北京",
< 	"uid" : "刘宇鹏"
---
> 	"addr" : "9dzwrEHxVB8RAoRBYz7mQ1VINwtoL4CS",
> 	"uid" : "2CKwnjWzSNDNBfBg"
70,71c67,68
< uid=刘翔
< col1=刘翔
---
> uid=2NJYHaF71IiZljb7
> col1=2NJYHaF71IiZljb7
73c70
< col2=古力路18号，上海
---
> col2=K5EfbRlBCGIGPsFRdpNUxq1y8hwtBFyj
80,81c77,78
< 	"addr" : "古力路18号，上海",
< 	"uid" : "刘翔"
---
> 	"addr" : "K5EfbRlBCGIGPsFRdpNUxq1y8hwtBFyj",
> 	"uid" : "2NJYHaF71IiZljb7"
83,84c80,81
< uid=张军
< col1=张军
---
> uid=2OodNRSbRQj9ns5N
> col1=2OodNRSbRQj9ns5N
86c83
< col2=南四环路220号，北京
---
> col2=lSQvACvi8M3yBkNB69OT0G4QvnZSN5D7
93,94c90,91
< 	"addr" : "南四环路220号，北京",
< 	"uid" : "张军"
---
> 	"addr" : "lSQvACvi8M3yBkNB69OT0G4QvnZSN5D7",
> 	"uid" : "2OodNRSbRQj9ns5N"
96,97c93,94
< uid=张明
< col1=张明
---
> uid=2U0huWJ8y7lQzibq
> col1=2U0huWJ8y7lQzibq
99c96
< col2=枫涟路123号，上海
---
> col2=xi3iqLYq9JmDb9ld3juxdcDLjYBQeKgK
106,107c103,104
< 	"addr" : "枫涟路123号，上海",
< 	"uid" : "张明"
---
> 	"addr" : "xi3iqLYq9JmDb9ld3juxdcDLjYBQeKgK",
> 	"uid" : "2U0huWJ8y7lQzibq"
109,110c106,107
< uid=李世民
< col1=李世民
---
> uid=3QB2xnA8csZdvusv
> col1=3QB2xnA8csZdvusv
112c109
< col2=胜利街12号，北京
---
> col2=tMsI1JKjfFtLK7BLVbLsylAJMxWhZnLs
119,120c116,117
< 	"addr" : "胜利街12号，北京",
< 	"uid" : "李世民"
---
> 	"addr" : "tMsI1JKjfFtLK7BLVbLsylAJMxWhZnLs",
> 	"uid" : "3QB2xnA8csZdvusv"
122,123c119,120
< uid=李为民
< col1=李为民
---
> uid=4PioGD12mzrgmSFF
> col1=4PioGD12mzrgmSFF
125c122
< col2=胜利街12号，北京
---
> col2=yPcHDiv4h1zQKtIOiZbZAc1WJrb4jOJP
132,133c129,130
< 	"addr" : "胜利街12号，北京",
< 	"uid" : "李为民"
---
> 	"addr" : "yPcHDiv4h1zQKtIOiZbZAc1WJrb4jOJP",
> 	"uid" : "4PioGD12mzrgmSFF"

Failure comparing /home/andrew/t/azhang/jaguarqa/work/testjava_example.out
4,15c4,13
< uid: k1k1 addr: v1v1
< uid: n11
< line\'2 addr: v11
< val"ue
< uid: 刘东 addr: 田贝路12号，深圳
< uid: 刘凯乐 addr: 民治路18号，深圳
< uid: 刘宇鹏 addr: 北四环路200号，北京
< uid: 刘翔 addr: 古力路18号，上海
< uid: 张军 addr: 南四环路220号，北京
< uid: 张明 addr: 枫涟路123号，上海
< uid: 李世民 addr: 胜利街12号，北京
< uid: 李为民 addr: 胜利街12号，北京
---
> uid: 0h0o3ZMaG8NRh64i addr: pxNCHplYlUPyC3iAjiYkfLsWRfN7jQpI
> uid: 0vl1u35qIoGLpWEr addr: AI6HtsI9VwMTlb1lFkk9oqx6MdSb8uAG
> uid: 1mYxqgQuG4GSL0kr addr: XgBaHZ8KnXptt80vuW0UbRpPT3HE315Y
> uid: 1tmQKv19VTD7Y8IR addr: eA5ihCWsECqekrXlTh9DN8KGZnNYwtPI
> uid: 2CKwnjWzSNDNBfBg addr: 9dzwrEHxVB8RAoRBYz7mQ1VINwtoL4CS
> uid: 2NJYHaF71IiZljb7 addr: K5EfbRlBCGIGPsFRdpNUxq1y8hwtBFyj
> uid: 2OodNRSbRQj9ns5N addr: lSQvACvi8M3yBkNB69OT0G4QvnZSN5D7
> uid: 2U0huWJ8y7lQzibq addr: xi3iqLYq9JmDb9ld3juxdcDLjYBQeKgK
> uid: 3QB2xnA8csZdvusv addr: tMsI1JKjfFtLK7BLVbLsylAJMxWhZnLs
> uid: 4PioGD12mzrgmSFF addr: yPcHDiv4h1zQKtIOiZbZAc1WJrb4jOJP
27,37c25,34
< uid: k1k1 m1: 
< uid: n11
< line\'2 m1: 
< uid: 刘东 m1: 
< uid: 刘凯乐 m1: 
< uid: 刘宇鹏 m1: 
< uid: 刘翔 m1: 
< uid: 张军 m1: 
< uid: 张明 m1: 
< uid: 李世民 m1: 
< uid: 李为民 m1: 
---
> uid: 0h0o3ZMaG8NRh64i m1: 
> uid: 0vl1u35qIoGLpWEr m1: 
> uid: 1mYxqgQuG4GSL0kr m1: 
> uid: 1tmQKv19VTD7Y8IR m1: 
> uid: 2CKwnjWzSNDNBfBg m1: 
> uid: 2NJYHaF71IiZljb7 m1: 
> uid: 2OodNRSbRQj9ns5N m1: 
> uid: 2U0huWJ8y7lQzibq m1: 
> uid: 3QB2xnA8csZdvusv m1: 
> uid: 4PioGD12mzrgmSFF m1: 
44,54c41,49
< java.sql.SQLException: executeQuery failed: select * from asctable where id <=2; (test.asctable does not exist [300])
< 	at com.jaguar.jdbc.internal.SQLExceptionMapper.get(SQLExceptionMapper.java:106)
< 	at com.jaguar.jdbc.JaguarStatement.executeQuery(JaguarStatement.java:143)
< 	at com.jaguar.jdbc.JaguarPreparedStatement.executeQuery(JaguarPreparedStatement.java:129)
< 	at JaguarJDBCTest.testJaguarDataSourcePrepare(JaguarJDBCTest.java:205)
< 	at JaguarJDBCTest.main(JaguarJDBCTest.java:37)
< Caused by: com.jaguar.jdbc.internal.common.QueryException: executeQuery failed: select * from asctable where id <=2; (test.asctable does not exist [300])
< 	at com.jaguar.jdbc.internal.jaguar.JaguarProtocol.executeQuery(JaguarProtocol.java:246)
< 	at com.jaguar.jdbc.internal.jaguar.JaguarProtocol.executeQuery(JaguarProtocol.java:238)
< 	at com.jaguar.jdbc.JaguarStatement.executeQuery(JaguarStatement.java:138)
< 	... 3 more
---
> select id, count(1) as cnt, sum(phone) as sum from asctable where id<2; 
> *************************************
> update asctable set phone=111 where id>10;
> id: 5 phone: 117
> delete from asctable where id>10;
> select * from asctable
> id: 5 phone: 117
> select id, phone from asctable where id < ? and ( phone > 232 or phone > ? ) and id < 100 
> id: 5 phone: 117
67a63
> table: asctable cat: test type: TABLE
68a65,67
> table: def1 cat: test type: TABLE
> table: def2 cat: test type: TABLE
> table: egift_item_test cat: test type: TABLE
71a71,72
> table: int10k cat: test type: TABLE
> table: int10k_2 cat: test type: TABLE
82a84
> table: jbench3 cat: test type: TABLE
85d86
< table: media cat: test type: TABLE
112a114
> db: casco

Failure comparing /home/andrew/t/azhang/jaguarqa/work/testjava_JaguarJDBCTest.out
